AR instructionmemory arqinstructionmemory "C:/Users/FAMILIA-ESCOBAR/Documents/Alejandro docs/1UTP/Arquitectura de computadores/Project1/instructionMemory/instructionMemory.vhd" sub00/vhpl01 1491581535
EN instructionmemory NULL "C:/Users/FAMILIA-ESCOBAR/Documents/Alejandro docs/1UTP/Arquitectura de computadores/Project1/instructionMemory/instructionMemory.vhd" sub00/vhpl00 1491581534
